// Vitest Snapshot v1, https://vitest.dev/guide/snapshot.html

exports[`public /v1 contract surface (frozen) > matches the committed JSON-schema snapshot 1`] = `
{
  "DELETE /scopes/:id": {
    "response": {
      "$schema": "http://json-schema.org/draft-07/schema#",
      "additionalProperties": false,
      "properties": {
        "ok": {
          "type": "boolean",
        },
      },
      "required": [
        "ok",
      ],
      "type": "object",
    },
  },
  "GET /facet-pack": {
    "response": {
      "$schema": "http://json-schema.org/draft-07/schema#",
      "additionalProperties": false,
      "properties": {
        "facets": {
          "items": {
            "additionalProperties": false,
            "properties": {
              "cap": {
                "minimum": 0,
                "type": "integer",
              },
              "description": {
                "type": "string",
              },
              "displayGroup": {
                "type": [
                  "string",
                  "null",
                ],
              },
              "documentAuthority": {
                "type": "boolean",
              },
              "name": {
                "type": "string",
              },
              "routesFrom": {
                "items": {
                  "type": "string",
                },
                "type": "array",
              },
              "writeProtected": {
                "type": "boolean",
              },
            },
            "required": [
              "name",
              "cap",
              "writeProtected",
              "documentAuthority",
              "displayGroup",
              "routesFrom",
              "description",
            ],
            "type": "object",
          },
          "type": "array",
        },
        "isDefault": {
          "type": "boolean",
        },
        "name": {
          "type": "string",
        },
        "source": {
          "enum": [
            "template",
            "account",
            "deployment-default",
          ],
          "type": "string",
        },
        "template": {
          "type": [
            "string",
            "null",
          ],
        },
      },
      "required": [
        "name",
        "isDefault",
        "source",
        "template",
        "facets",
      ],
      "type": "object",
    },
  },
  "GET /health": {
    "response": {
      "$schema": "http://json-schema.org/draft-07/schema#",
      "additionalProperties": false,
      "properties": {
        "featureLlm": {
          "type": "boolean",
        },
        "model": {
          "additionalProperties": false,
          "properties": {
            "baseUrl": {
              "type": "string",
            },
            "chatModel": {
              "type": "string",
            },
            "embeddingModel": {
              "type": [
                "string",
                "null",
              ],
            },
            "model": {
              "type": "string",
            },
            "provider": {
              "type": "string",
            },
            "runtimeMaxOutputTokens": {
              "minimum": 1,
              "type": "integer",
            },
            "runtimeModel": {
              "type": "string",
            },
            "runtimeModelBaseUrl": {
              "type": "string",
            },
            "runtimeReasoningEffort": {
              "enum": [
                "low",
                "medium",
                "high",
              ],
              "type": "string",
            },
            "structuredOutputModel": {
              "type": "string",
            },
          },
          "required": [
            "provider",
            "model",
            "baseUrl",
            "chatModel",
            "structuredOutputModel",
            "embeddingModel",
          ],
          "type": "object",
        },
        "retrieve": {
          "additionalProperties": false,
          "properties": {
            "embeddingCandidateLimit": {
              "minimum": 1,
              "type": "integer",
            },
            "useEmbeddings": {
              "type": "boolean",
            },
            "useVectorSearch": {
              "type": "boolean",
            },
          },
          "required": [
            "useEmbeddings",
            "embeddingCandidateLimit",
          ],
          "type": "object",
        },
        "status": {
          "const": "ok",
          "type": "string",
        },
        "workingMemory": {
          "additionalProperties": false,
          "properties": {
            "enabled": {
              "type": "boolean",
            },
            "maxItemsPerField": {
              "minimum": 1,
              "type": "integer",
            },
            "maxRecentTurns": {
              "minimum": 1,
              "type": "integer",
            },
            "useLlm": {
              "type": "boolean",
            },
          },
          "required": [
            "enabled",
            "useLlm",
            "maxRecentTurns",
            "maxItemsPerField",
          ],
          "type": "object",
        },
      },
      "required": [
        "status",
      ],
      "type": "object",
    },
  },
  "GET /memory/digests/:digestId/selection": {
    "response": {
      "$schema": "http://json-schema.org/draft-07/schema#",
      "additionalProperties": false,
      "properties": {
        "drops": {
          "items": {},
          "type": "array",
        },
        "rationale": {
          "items": {
            "type": "string",
          },
          "type": "array",
        },
      },
      "required": [
        "rationale",
        "drops",
      ],
      "type": "object",
    },
  },
  "GET /memory/facts": {
    "response": {
      "$schema": "http://json-schema.org/draft-07/schema#",
      "additionalProperties": false,
      "properties": {
        "groups": {
          "items": {
            "additionalProperties": false,
            "properties": {
              "group": {
                "type": "string",
              },
              "items": {
                "items": {
                  "additionalProperties": false,
                  "properties": {
                    "createdAt": {
                      "type": [
                        "string",
                        "null",
                      ],
                    },
                    "factId": {
                      "type": [
                        "string",
                        "null",
                      ],
                    },
                    "factKey": {
                      "type": "string",
                    },
                    "text": {
                      "type": "string",
                    },
                  },
                  "required": [
                    "factKey",
                    "text",
                    "createdAt",
                  ],
                  "type": "object",
                },
                "type": "array",
              },
            },
            "required": [
              "group",
              "items",
            ],
            "type": "object",
          },
          "type": "array",
        },
      },
      "required": [
        "groups",
      ],
      "type": "object",
    },
  },
  "GET /memory/facts/:factId/provenance": {
    "response": {
      "$schema": "http://json-schema.org/draft-07/schema#",
      "additionalProperties": false,
      "properties": {
        "chain": {
          "items": {
            "$ref": "#/properties/fact",
          },
          "type": "array",
        },
        "fact": {
          "additionalProperties": false,
          "properties": {
            "addedAt": {
              "type": "string",
            },
            "confidence": {
              "maximum": 1,
              "minimum": 0,
              "type": "number",
            },
            "content": {
              "type": "string",
            },
            "entities": {
              "items": {
                "type": "string",
              },
              "type": "array",
            },
            "evidenceId": {
              "type": "string",
            },
            "evidenceType": {
              "enum": [
                "event",
                "document",
              ],
              "type": "string",
            },
            "facet": {
              "type": "string",
            },
            "id": {
              "type": "string",
            },
            "retiredAt": {
              "type": "string",
            },
            "retiredReason": {
              "type": "string",
            },
            "supersededBy": {
              "type": "string",
            },
            "type": {
              "enum": [
                "decision",
                "constraint",
                "profile",
              ],
              "type": "string",
            },
          },
          "required": [
            "id",
            "content",
            "type",
            "confidence",
            "addedAt",
            "evidenceId",
            "evidenceType",
          ],
          "type": "object",
        },
      },
      "required": [
        "fact",
        "chain",
      ],
      "type": "object",
    },
  },
  "GET /memory/relationship-context/:scopeId": {
    "response": {
      "$schema": "http://json-schema.org/draft-07/schema#",
      "additionalProperties": false,
      "properties": {
        "activeGoals": {
          "items": {
            "type": "string",
          },
          "type": "array",
        },
        "currentFeeling": {
          "type": [
            "string",
            "null",
          ],
        },
        "durationDays": {
          "minimum": 0,
          "type": "integer",
        },
        "pendingFollowUps": {
          "items": {
            "type": "string",
          },
          "type": "array",
        },
        "personalDetails": {
          "items": {
            "type": "string",
          },
          "type": "array",
        },
      },
      "required": [
        "durationDays",
        "personalDetails",
        "activeGoals",
        "currentFeeling",
        "pendingFollowUps",
      ],
      "type": "object",
    },
  },
  "GET /reminders": {
    "response": {
      "$schema": "http://json-schema.org/draft-07/schema#",
      "additionalProperties": false,
      "properties": {
        "items": {
          "items": {
            "additionalProperties": false,
            "properties": {
              "createdAt": {
                "type": "string",
              },
              "dueAt": {
                "type": "string",
              },
              "id": {
                "format": "uuid",
                "type": "string",
              },
              "scopeId": {
                "anyOf": [
                  {
                    "format": "uuid",
                    "type": "string",
                  },
                  {
                    "type": "null",
                  },
                ],
              },
              "status": {
                "enum": [
                  "scheduled",
                  "sent",
                  "cancelled",
                ],
                "type": "string",
              },
              "text": {
                "type": "string",
              },
            },
            "required": [
              "id",
              "scopeId",
              "dueAt",
              "text",
              "status",
              "createdAt",
            ],
            "type": "object",
          },
          "type": "array",
        },
        "nextCursor": {
          "type": [
            "string",
            "null",
          ],
        },
      },
      "required": [
        "items",
        "nextCursor",
      ],
      "type": "object",
    },
  },
  "GET /scopes": {
    "response": {
      "$schema": "http://json-schema.org/draft-07/schema#",
      "additionalProperties": false,
      "properties": {
        "items": {
          "items": {
            "additionalProperties": false,
            "properties": {
              "createdAt": {
                "type": "string",
              },
              "goal": {
                "type": [
                  "string",
                  "null",
                ],
              },
              "id": {
                "format": "uuid",
                "type": "string",
              },
              "name": {
                "type": "string",
              },
              "stage": {
                "enum": [
                  "idea",
                  "build",
                  "test",
                  "launch",
                ],
                "type": "string",
              },
            },
            "required": [
              "id",
              "name",
              "goal",
              "stage",
              "createdAt",
            ],
            "type": "object",
          },
          "type": "array",
        },
      },
      "required": [
        "items",
      ],
      "type": "object",
    },
  },
  "GET /state": {
    "response": {
      "$schema": "http://json-schema.org/draft-07/schema#",
      "additionalProperties": false,
      "properties": {
        "activeScopeId": {
          "anyOf": [
            {
              "format": "uuid",
              "type": "string",
            },
            {
              "type": "null",
            },
          ],
        },
      },
      "required": [
        "activeScopeId",
      ],
      "type": "object",
    },
  },
  "POST /memory/answer": {
    "request": {
      "$schema": "http://json-schema.org/draft-07/schema#",
      "additionalProperties": false,
      "properties": {
        "question": {
          "minLength": 1,
          "type": "string",
        },
        "scopeId": {
          "format": "uuid",
          "type": "string",
        },
      },
      "required": [
        "scopeId",
        "question",
      ],
      "type": "object",
    },
    "response": {
      "$schema": "http://json-schema.org/draft-07/schema#",
      "additionalProperties": false,
      "properties": {
        "answer": {
          "type": "string",
        },
      },
      "required": [
        "answer",
      ],
      "type": "object",
    },
  },
  "POST /memory/digest": {
    "request": {
      "$schema": "http://json-schema.org/draft-07/schema#",
      "additionalProperties": false,
      "properties": {
        "scopeId": {
          "format": "uuid",
          "type": "string",
        },
      },
      "required": [
        "scopeId",
      ],
      "type": "object",
    },
    "response": {
      "$schema": "http://json-schema.org/draft-07/schema#",
      "additionalProperties": false,
      "properties": {
        "jobId": {
          "type": "string",
        },
      },
      "required": [
        "jobId",
      ],
      "type": "object",
    },
  },
  "POST /memory/events": {
    "request": {
      "$schema": "http://json-schema.org/draft-07/schema#",
      "additionalProperties": false,
      "properties": {
        "content": {
          "minLength": 1,
          "type": "string",
        },
        "key": {
          "minLength": 1,
          "type": "string",
        },
        "occurredAt": {
          "format": "date-time",
          "type": "string",
        },
        "pinned": {
          "type": "boolean",
        },
        "scopeId": {
          "format": "uuid",
          "type": "string",
        },
        "source": {
          "enum": [
            "telegram",
            "cli",
            "api",
            "sdk",
          ],
          "type": "string",
        },
        "type": {
          "enum": [
            "stream",
            "document",
          ],
          "type": "string",
        },
      },
      "required": [
        "scopeId",
        "type",
        "content",
      ],
      "type": "object",
    },
    "response": {
      "$schema": "http://json-schema.org/draft-07/schema#",
      "additionalProperties": false,
      "properties": {
        "content": {
          "type": "string",
        },
        "createdAt": {
          "type": "string",
        },
        "id": {
          "format": "uuid",
          "type": "string",
        },
        "key": {
          "type": [
            "string",
            "null",
          ],
        },
        "pinned": {
          "type": "boolean",
        },
        "scopeId": {
          "format": "uuid",
          "type": "string",
        },
        "source": {
          "enum": [
            "telegram",
            "cli",
            "api",
            "sdk",
          ],
          "type": "string",
        },
        "type": {
          "enum": [
            "stream",
            "document",
          ],
          "type": "string",
        },
        "updatedAt": {
          "type": [
            "string",
            "null",
          ],
        },
        "userId": {
          "format": "uuid",
          "type": "string",
        },
      },
      "required": [
        "id",
        "userId",
        "scopeId",
        "type",
        "source",
        "key",
        "content",
        "createdAt",
        "updatedAt",
      ],
      "type": "object",
    },
  },
  "POST /memory/facts/forget": {
    "request": {
      "$schema": "http://json-schema.org/draft-07/schema#",
      "additionalProperties": false,
      "properties": {
        "factKey": {
          "minLength": 1,
          "type": "string",
        },
        "scopeId": {
          "format": "uuid",
          "type": "string",
        },
      },
      "required": [
        "scopeId",
        "factKey",
      ],
      "type": "object",
    },
    "response": {
      "$schema": "http://json-schema.org/draft-07/schema#",
      "additionalProperties": false,
      "properties": {
        "ok": {
          "type": "boolean",
        },
      },
      "required": [
        "ok",
      ],
      "type": "object",
    },
  },
  "POST /memory/handoff": {
    "request": {
      "$schema": "http://json-schema.org/draft-07/schema#",
      "additionalProperties": false,
      "properties": {
        "clear": {
          "type": "boolean",
        },
        "nextSteps": {
          "items": {
            "maxLength": 500,
            "minLength": 1,
            "type": "string",
          },
          "maxItems": 10,
          "type": "array",
        },
        "openQuestions": {
          "items": {
            "maxLength": 500,
            "minLength": 1,
            "type": "string",
          },
          "maxItems": 10,
          "type": "array",
        },
        "scopeId": {
          "format": "uuid",
          "type": "string",
        },
        "summary": {
          "maxLength": 2000,
          "type": "string",
        },
      },
      "required": [
        "scopeId",
      ],
      "type": "object",
    },
    "response": {
      "$schema": "http://json-schema.org/draft-07/schema#",
      "additionalProperties": false,
      "properties": {
        "cleared": {
          "type": "boolean",
        },
        "handoffId": {
          "type": "string",
        },
        "ok": {
          "const": true,
          "type": "boolean",
        },
        "superseded": {
          "type": "boolean",
        },
      },
      "required": [
        "ok",
        "superseded",
      ],
      "type": "object",
    },
  },
  "POST /memory/notes": {
    "request": {
      "$schema": "http://json-schema.org/draft-07/schema#",
      "additionalProperties": false,
      "properties": {
        "scopeId": {
          "format": "uuid",
          "type": "string",
        },
        "text": {
          "maxLength": 500,
          "minLength": 1,
          "type": "string",
        },
      },
      "required": [
        "scopeId",
        "text",
      ],
      "type": "object",
    },
    "response": {
      "$schema": "http://json-schema.org/draft-07/schema#",
      "additionalProperties": false,
      "properties": {
        "ok": {
          "type": "boolean",
        },
      },
      "required": [
        "ok",
      ],
      "type": "object",
    },
  },
  "POST /memory/retrieve": {
    "request": {
      "$schema": "http://json-schema.org/draft-07/schema#",
      "additionalProperties": false,
      "properties": {
        "limit": {
          "maximum": 100,
          "minimum": 1,
          "type": "integer",
        },
        "maxChars": {
          "exclusiveMinimum": 0,
          "type": "integer",
        },
        "query": {
          "minLength": 1,
          "type": "string",
        },
        "scopeId": {
          "format": "uuid",
          "type": "string",
        },
      },
      "required": [
        "scopeId",
      ],
      "type": "object",
    },
    "response": {
      "$schema": "http://json-schema.org/draft-07/schema#",
      "additionalProperties": false,
      "properties": {
        "budget": {
          "additionalProperties": false,
          "properties": {
            "digestChars": {
              "minimum": 0,
              "type": "integer",
            },
            "dropped": {
              "items": {
                "additionalProperties": false,
                "properties": {
                  "chars": {
                    "minimum": 0,
                    "type": "integer",
                  },
                  "id": {
                    "type": [
                      "string",
                      "null",
                    ],
                  },
                  "kind": {
                    "enum": [
                      "digest",
                      "fact",
                      "event",
                    ],
                    "type": "string",
                  },
                  "reason": {
                    "enum": [
                      "budget_exhausted",
                      "fact_share_cap",
                      "digest_too_large",
                    ],
                    "type": "string",
                  },
                  "score": {
                    "type": "number",
                  },
                },
                "required": [
                  "kind",
                  "id",
                  "chars",
                  "reason",
                ],
                "type": "object",
              },
              "type": "array",
            },
            "droppedCounts": {
              "additionalProperties": false,
              "properties": {
                "digest": {
                  "minimum": 0,
                  "type": "integer",
                },
                "event": {
                  "minimum": 0,
                  "type": "integer",
                },
                "fact": {
                  "minimum": 0,
                  "type": "integer",
                },
              },
              "required": [
                "digest",
                "fact",
                "event",
              ],
              "type": "object",
            },
            "eventChars": {
              "minimum": 0,
              "type": "integer",
            },
            "factChars": {
              "minimum": 0,
              "type": "integer",
            },
            "factShareCap": {
              "minimum": 0,
              "type": "integer",
            },
            "itemsOmitted": {
              "minimum": 0,
              "type": "integer",
            },
            "maxChars": {
              "minimum": 0,
              "type": "integer",
            },
            "usedChars": {
              "minimum": 0,
              "type": "integer",
            },
          },
          "required": [
            "maxChars",
            "usedChars",
            "digestChars",
            "factChars",
            "eventChars",
            "factShareCap",
            "droppedCounts",
            "dropped",
            "itemsOmitted",
          ],
          "type": "object",
        },
        "digest": {
          "type": [
            "string",
            "null",
          ],
        },
        "events": {
          "items": {
            "additionalProperties": false,
            "properties": {
              "content": {
                "type": "string",
              },
              "createdAt": {
                "type": "string",
              },
              "id": {
                "format": "uuid",
                "type": "string",
              },
            },
            "required": [
              "id",
              "content",
              "createdAt",
            ],
            "type": "object",
          },
          "type": "array",
        },
        "factRegistry": {
          "items": {
            "additionalProperties": false,
            "properties": {
              "addedAt": {
                "type": "string",
              },
              "confidence": {
                "maximum": 1,
                "minimum": 0,
                "type": "number",
              },
              "content": {
                "type": "string",
              },
              "entities": {
                "items": {
                  "type": "string",
                },
                "type": "array",
              },
              "evidenceId": {
                "type": "string",
              },
              "evidenceType": {
                "enum": [
                  "event",
                  "document",
                ],
                "type": "string",
              },
              "facet": {
                "type": "string",
              },
              "id": {
                "type": "string",
              },
              "retiredAt": {
                "type": "string",
              },
              "retiredReason": {
                "type": "string",
              },
              "supersededBy": {
                "type": "string",
              },
              "type": {
                "enum": [
                  "decision",
                  "constraint",
                  "profile",
                ],
                "type": "string",
              },
            },
            "required": [
              "id",
              "content",
              "type",
              "confidence",
              "addedAt",
              "evidenceId",
              "evidenceType",
            ],
            "type": "object",
          },
          "type": "array",
        },
        "handoff": {
          "anyOf": [
            {
              "additionalProperties": false,
              "properties": {
                "addedAt": {
                  "type": "string",
                },
                "content": {
                  "type": "string",
                },
                "id": {
                  "type": "string",
                },
                "versionCount": {
                  "minimum": 1,
                  "type": "integer",
                },
              },
              "required": [
                "id",
                "content",
                "addedAt",
                "versionCount",
              ],
              "type": "object",
            },
            {
              "type": "null",
            },
          ],
        },
      },
      "required": [
        "digest",
        "events",
        "factRegistry",
      ],
      "type": "object",
    },
  },
  "POST /memory/runtime/turn": {
    "request": {
      "$schema": "http://json-schema.org/draft-07/schema#",
      "additionalProperties": false,
      "properties": {
        "digestMode": {
          "enum": [
            "auto",
            "force",
            "skip",
          ],
          "type": "string",
        },
        "documentKey": {
          "minLength": 1,
          "type": "string",
        },
        "message": {
          "minLength": 1,
          "type": "string",
        },
        "metadata": {
          "additionalProperties": {},
          "type": "object",
        },
        "policyOverrides": {
          "additionalProperties": false,
          "properties": {
            "digestOnCandidate": {
              "type": "boolean",
            },
            "promoteLongFormToDocumented": {
              "type": "boolean",
            },
            "recallLimit": {
              "maximum": 100,
              "minimum": 1,
              "type": "integer",
            },
          },
          "type": "object",
        },
        "policyProfile": {
          "enum": [
            "default",
            "conservative",
            "document-heavy",
          ],
          "type": "string",
        },
        "scopeId": {
          "format": "uuid",
          "type": "string",
        },
        "source": {
          "enum": [
            "telegram",
            "cli",
            "api",
            "sdk",
          ],
          "type": "string",
        },
        "writeTier": {
          "enum": [
            "ephemeral",
            "candidate",
            "stable",
            "documented",
          ],
          "type": "string",
        },
      },
      "required": [
        "scopeId",
        "message",
      ],
      "type": "object",
    },
    "response": {
      "$schema": "http://json-schema.org/draft-07/schema#",
      "additionalProperties": false,
      "properties": {
        "answer": {
          "type": "string",
        },
        "answerMode": {
          "enum": [
            "direct_state_fast_path",
            "llm_fast_path",
          ],
          "type": "string",
        },
        "digestTriggered": {
          "type": "boolean",
        },
        "writeTier": {
          "enum": [
            "ephemeral",
            "candidate",
            "stable",
            "documented",
          ],
          "type": "string",
        },
      },
      "required": [
        "answer",
        "writeTier",
        "digestTriggered",
      ],
      "type": "object",
    },
  },
  "POST /reminders": {
    "request": {
      "$schema": "http://json-schema.org/draft-07/schema#",
      "additionalProperties": false,
      "properties": {
        "dueAt": {
          "format": "date-time",
          "type": "string",
        },
        "scopeId": {
          "anyOf": [
            {
              "format": "uuid",
              "type": "string",
            },
            {
              "type": "null",
            },
          ],
        },
        "text": {
          "minLength": 1,
          "type": "string",
        },
      },
      "required": [
        "dueAt",
        "text",
      ],
      "type": "object",
    },
    "response": {
      "$schema": "http://json-schema.org/draft-07/schema#",
      "additionalProperties": false,
      "properties": {
        "createdAt": {
          "type": "string",
        },
        "dueAt": {
          "type": "string",
        },
        "id": {
          "format": "uuid",
          "type": "string",
        },
        "scopeId": {
          "anyOf": [
            {
              "format": "uuid",
              "type": "string",
            },
            {
              "type": "null",
            },
          ],
        },
        "status": {
          "enum": [
            "scheduled",
            "sent",
            "cancelled",
          ],
          "type": "string",
        },
        "text": {
          "type": "string",
        },
      },
      "required": [
        "id",
        "scopeId",
        "dueAt",
        "text",
        "status",
        "createdAt",
      ],
      "type": "object",
    },
  },
  "POST /reminders/:id/cancel": {
    "response": {
      "$schema": "http://json-schema.org/draft-07/schema#",
      "additionalProperties": false,
      "properties": {
        "ok": {
          "type": "boolean",
        },
      },
      "required": [
        "ok",
      ],
      "type": "object",
    },
  },
  "POST /scopes": {
    "request": {
      "$schema": "http://json-schema.org/draft-07/schema#",
      "additionalProperties": false,
      "properties": {
        "goal": {
          "minLength": 1,
          "type": "string",
        },
        "name": {
          "minLength": 1,
          "type": "string",
        },
        "stage": {
          "enum": [
            "idea",
            "build",
            "test",
            "launch",
          ],
          "type": "string",
        },
        "template": {
          "enum": [
            "project",
            "personal",
            "health",
            "learning",
          ],
          "type": "string",
        },
      },
      "required": [
        "name",
      ],
      "type": "object",
    },
    "response": {
      "$schema": "http://json-schema.org/draft-07/schema#",
      "additionalProperties": false,
      "properties": {
        "createdAt": {
          "type": "string",
        },
        "goal": {
          "type": [
            "string",
            "null",
          ],
        },
        "id": {
          "format": "uuid",
          "type": "string",
        },
        "name": {
          "type": "string",
        },
        "stage": {
          "enum": [
            "idea",
            "build",
            "test",
            "launch",
          ],
          "type": "string",
        },
      },
      "required": [
        "id",
        "name",
        "goal",
        "stage",
        "createdAt",
      ],
      "type": "object",
    },
  },
  "POST /scopes/:id/active": {
    "response": {
      "$schema": "http://json-schema.org/draft-07/schema#",
      "additionalProperties": false,
      "properties": {
        "activeScopeId": {
          "anyOf": [
            {
              "format": "uuid",
              "type": "string",
            },
            {
              "type": "null",
            },
          ],
        },
      },
      "required": [
        "activeScopeId",
      ],
      "type": "object",
    },
  },
}
`;
